HI-TECH Software C Compiler 

Linker command line:

--edf=/usr/hitech/picc/9.82/dat/en_msgs.txt -cs \
  -h+dist/default/production/DesignGroupProject.X.production.sym -z \
  -Q16F917 -ol.obj \
  -Mdist/default/production/DesignGroupProject.X.production.map -E1 \
  -ACONST=00h-0FFhx32 -ACODE=00h-07FFhx4 -ASTRCODE=00h-01FFFh \
  -AENTRY=00h-0FFhx32 -ASTRING=00h-0FFhx32 -ABANK0=020h-06Fh \
  -ABANK1=0A0h-0EFh -ABANK2=0120h-016Fh -ABANK3=0190h-01EFh \
  -ARAM=020h-06Fh,0A0h-0EFh,0120h-016Fh,0190h-01EFh \
  -AABS1=020h-07Fh,0A0h-0EFh,0120h-016Fh,0190h-01EFh -ACOMMON=070h-07Fh \
  -ASFR0=00h-01Fh -ASFR1=080h-09Fh -ASFR2=0100h-011Fh -ASFR3=0180h-018Fh \
  -preset_vec=00h,intentry,init,end_init -ppowerup=CODE -pfunctab=CODE \
  -ACONFIG=02007h-02007h -pconfig=CONFIG -DCONFIG=2 -AIDLOC=02000h-02003h \
  -pidloc=IDLOC -DIDLOC=2 -AEEDATA=00h-0FFh/02100h -peeprom_data=EEDATA \
  -DEEDATA=2 -DCODE=2 -DSTRCODE=2 -DSTRING=2 -DCONST=2 -DENTRY=2 -k \
  /tmp/cgtp5LeWr.obj \
  dist/default/production/DesignGroupProject.X.production.obj 

Object code version is 3.10

Machine type is 16F917



                Name                               Link     Load   Length Selector   Space Scale
/tmp/cgtp5LeWr.obj
                end_init                              0        0        3        0       0
dist/default/production/DesignGroupProject.X.production.obj
                cstackCOMMON                         70       70        4       70       1
                cinit                               7FC      7FC        4      FF8       0
                maintext                            7F9      7F9        3      FF2       0

TOTAL           Name                               Link     Load   Length     Space
        CLASS   CONST          

        CLASS   CODE           
                end_init                              0        0        3         0
                cinit                               7FC      7FC        4         0
                maintext                            7F9      7F9        3         0

        CLASS   STRCODE        

        CLASS   ENTRY          

        CLASS   STRING         

        CLASS   BANK0          

        CLASS   BANK1          

        CLASS   BANK2          

        CLASS   BANK3          

        CLASS   RAM            

        CLASS   ABS1           
                abs_s1                               7E       7E        2         1

        CLASS   COMMON         
                cstackCOMMON                         70       70        4         1

        CLASS   SFR0           

        CLASS   SFR1           

        CLASS   SFR2           

        CLASS   SFR3           

        CLASS   CONFIG         

        CLASS   IDLOC          

        CLASS   EEDATA         



SEGMENTS        Name                           Load    Length   Top    Selector   Space  Class     Delta

                reset_vec                      000000  000003  000003         0       0  CODE        2
                cstackCOMMON                   000070  000004  000074        70       1  COMMON      1
                maintext                       0007F9  000003  0007FC       FF2       0  CODE        2
                cinit                          0007FC  000004  000800       FF8       0  CODE        2


UNUSED ADDRESS RANGES

        Name                Unused          Largest block    Delta
        BANK0            020-06F            50           1
        BANK1            0A0-0EF            50           1
        BANK2            120-16F            50           1
        BANK3            190-1EF            60           1
        CODE             003-7F8           7F6           2
                         800-1FFF           800
        COMMON           074-07D             A           1
        CONFIG           2007-2007             1           2
        CONST            003-7F8           100           2
                         800-1FFF           100
        EEDATA           2100-21FF           100           2
        ENTRY            003-7F8           100           2
                         800-1FFF           100
        IDLOC            2000-2003             4           2
        RAM              020-06F            50           1
                         0A0-0EF            50
                         120-16F            50
                         190-1EF            60
        SFR0             000-01F            20           1
        SFR1             080-09F            20           1
        SFR2             100-11F            20           1
        SFR3             180-18F            10           1
        STRCODE          003-7F8           7F6           2
                         800-1FFF          1800
        STRING           003-7F8           100           2
                         800-1FFF           100

                                  Symbol Table

??_main               cstackCOMMON 074  ?_main                cstackCOMMON 070
_CARRY                (abs)        018  _EEADR                (abs)        10D
_EECON1               (abs)        18C  _EECON2               (abs)        18D
_EEDATA               (abs)        10C  _GIE                  (abs)        05F
_RD                   (abs)        C60  _WR                   (abs)        C61
_WREN                 (abs)        C62  __Habs1               abs1         000
__Hbank0              bank0        000  __Hbank1              bank1        000
__Hbank2              bank2        000  __Hbank3              bank3        000
__Hcinit              cinit        000  __Hclrtext            clrtext      000
__Hcode               code         000  __Hcommon             common       000
__Hconfig             config       000  __HcstackCOMMON       cstackCOMMON 000
__Heeprom_data        eeprom_data  000  __Hend_init           end_init     003
__Hfunctab            functab      000  __Hidloc              idloc        000
__Hinit               init         000  __Hintentry           intentry     000
__Hmaintext           maintext     000  __Hpowerup            powerup      000
__Hram                ram          000  __Hreset_vec          reset_vec    000
__Hsfr0               sfr0         000  __Hsfr1               sfr1         000
__Hsfr2               sfr2         000  __Hsfr3               sfr3         000
__Hstrings            strings      000  __Htext               text         000
__Labs1               abs1         000  __Lbank0              bank0        000
__Lbank1              bank1        000  __Lbank2              bank2        000
__Lbank3              bank3        000  __Lcinit              cinit        000
__Lclrtext            clrtext      000  __Lcode               code         000
__Lcommon             common       000  __Lconfig             config       000
__LcstackCOMMON       cstackCOMMON 000  __Leeprom_data        eeprom_data  000
__Lend_init           end_init     000  __Lfunctab            functab      000
__Lidloc              idloc        000  __Linit               init         000
__Lintentry           intentry     000  __Lmaintext           maintext     000
__Lpowerup            powerup      000  __Lram                ram          000
__Lreset_vec          reset_vec    000  __Lsfr0               sfr0         000
__Lsfr1               sfr1         000  __Lsfr2               sfr2         000
__Lsfr3               sfr3         000  __Lstrings            strings      000
__Ltext               text         000  __S0                  (abs)        800
__S1                  (abs)        074  __S2                  (abs)        000
__end_of_main         maintext     7FC  __pcstackCOMMON       cstackCOMMON 070
__pmaintext           maintext     7F9  __size_of_main        (abs)        000
_exit                 init         000  _main                 maintext     7F9
btemp                 (abs)        07E  end_of_initialization cinit        7FC
intlevel0             functab      000  intlevel1             functab      000
intlevel2             functab      000  intlevel3             functab      000
intlevel4             functab      000  intlevel5             functab      000
main@argc             cstackCOMMON 070  main@argv             cstackCOMMON 072
reset_vec             reset_vec    000  start                 init         000
start_initialization  cinit        7FC  wtemp0                (abs)        07E
