HI-TECH Software C Compiler 

Linker command line:

--edf=/usr/hitech/picc/9.82/dat/en_msgs.txt -cs \
  -h+dist/default/production/DesignGroupProject.X.production.sym -z \
  -Q16F917 -ol.obj \
  -Mdist/default/production/DesignGroupProject.X.production.map -E1 \
  -ACONST=00h-0FFhx32 -ACODE=00h-07FFhx4 -ASTRCODE=00h-01FFFh \
  -AENTRY=00h-0FFhx32 -ASTRING=00h-0FFhx32 -ABANK0=020h-06Fh \
  -ABANK1=0A0h-0EFh -ABANK2=0120h-016Fh -ABANK3=0190h-01EFh \
  -ARAM=020h-06Fh,0A0h-0EFh,0120h-016Fh,0190h-01EFh \
  -AABS1=020h-07Fh,0A0h-0EFh,0120h-016Fh,0190h-01EFh -ACOMMON=070h-07Fh \
  -ASFR0=00h-01Fh -ASFR1=080h-09Fh -ASFR2=0100h-011Fh -ASFR3=0180h-018Fh \
  -preset_vec=00h,intentry,init,end_init -ppowerup=CODE -pfunctab=CODE \
  -ACONFIG=02007h-02007h -pconfig=CONFIG -DCONFIG=2 -AIDLOC=02000h-02003h \
  -pidloc=IDLOC -DIDLOC=2 -AEEDATA=00h-0FFh/02100h -peeprom_data=EEDATA \
  -DEEDATA=2 -DCODE=2 -DSTRCODE=2 -DSTRING=2 -DCONST=2 -DENTRY=2 -k \
  /tmp/cgt7WQhkw.obj \
  dist/default/production/DesignGroupProject.X.production.obj 

Object code version is 3.10

Machine type is 16F917



                Name                               Link     Load   Length Selector   Space Scale
/tmp/cgt7WQhkw.obj
                end_init                              0        0        3        0       0
dist/default/production/DesignGroupProject.X.production.obj
                config                             2007     2007        1     400E       0
                text275                             5A3      5A3       26      B46       0
                text274                             618      618       30      C30       0
                text273                             585      585        7      B0A       0
                text272                             648      648       38      C90       0
                text271                             5C9      5C9       26      B92       0
                text270                             680      680       47      D00       0
                text269                             5EF      5EF       29      BDE       0
                text268                             6C7      6C7       66      D8E       0
                maintext                            72D      72D       D3      E5A       0
                cstackBANK0                          32       32        6       20       1
                cstackCOMMON                         70       70        C       70       1
                clrtext                             58C      58C        8      B18       0
                bssBANK0                             20       20       12       20       1
                bssCOMMON                            7C       7C        2       70       1
                cinit                               594      594        F      B28       0

TOTAL           Name                               Link     Load   Length     Space
        CLASS   CONST          

        CLASS   CODE           
                end_init                              0        0        3         0
                text275                             5A3      5A3       26         0
                text274                             618      618       30         0
                text273                             585      585        7         0
                text272                             648      648       38         0
                text271                             5C9      5C9       26         0
                text270                             680      680       47         0
                text269                             5EF      5EF       29         0
                text268                             6C7      6C7       66         0
                maintext                            72D      72D       D3         0
                clrtext                             58C      58C        8         0
                cinit                               594      594        F         0

        CLASS   STRCODE        

        CLASS   ENTRY          

        CLASS   STRING         

        CLASS   BANK0          
                cstackBANK0                          32       32        6         1
                bssBANK0                             20       20       12         1

        CLASS   BANK1          

        CLASS   BANK2          

        CLASS   BANK3          

        CLASS   RAM            

        CLASS   ABS1           
                abs_s1                               7E       7E        2         1

        CLASS   COMMON         
                cstackCOMMON                         70       70        C         1
                bssCOMMON                            7C       7C        2         1

        CLASS   SFR0           

        CLASS   SFR1           

        CLASS   SFR2           

        CLASS   SFR3           

        CLASS   CONFIG         
                config                             2007     2007        1         0

        CLASS   IDLOC          

        CLASS   EEDATA         



SEGMENTS        Name                           Load    Length   Top    Selector   Space  Class     Delta

                reset_vec                      000000  000003  000003         0       0  CODE        2
                bssBANK0                       000020  000018  000038        20       1  BANK0       1
                cstackCOMMON                   000070  00000E  00007E        70       1  COMMON      1
                text273                        000585  000007  00058C       B0A       0  CODE        2
                clrtext                        00058C  000008  000594       B18       0  CODE        2
                cinit                          000594  00000F  0005A3       B28       0  CODE        2
                text275                        0005A3  000026  0005C9       B46       0  CODE        2
                text271                        0005C9  000026  0005EF       B92       0  CODE        2
                text269                        0005EF  000029  000618       BDE       0  CODE        2
                text274                        000618  000030  000648       C30       0  CODE        2
                text272                        000648  000038  000680       C90       0  CODE        2
                text270                        000680  000047  0006C7       D00       0  CODE        2
                text268                        0006C7  000066  00072D       D8E       0  CODE        2
                maintext                       00072D  0000D3  000800       E5A       0  CODE        2
                config                         002007  000001  002008      400E       0  CONFIG      2


UNUSED ADDRESS RANGES

        Name                Unused          Largest block    Delta
        BANK0            0038-006F             38           1
        BANK1            00A0-00EF             50           1
        BANK2            0120-016F             50           1
        BANK3            0190-01EF             60           1
        CODE             0003-0584            582           2
                         0800-1FFF            800
        CONST            0003-0584            100           2
                         0800-1FFF            100
        EEDATA           2100-21FF            100           2
        ENTRY            0003-0584            100           2
                         0800-1FFF            100
        IDLOC            2000-2003              4           2
        RAM              0038-006F             38           1
                         00A0-00EF             50
                         0120-016F             50
                         0190-01EF             60
        SFR0             0000-001F             20           1
        SFR1             0080-009F             20           1
        SFR2             0100-011F             20           1
        SFR3             0180-018F             10           1
        STRCODE          0003-0584            582           2
                         0800-1FFF           1800
        STRING           0003-0584            100           2
                         0800-1FFF            100

                                  Symbol Table

??_ADCInit             cstackCOMMON 0070
??_SendIns             cstackCOMMON 0075
??____delay_ms         cstackCOMMON 0072
??__delay_ms           cstackCOMMON 0072
??_controlMotor        cstackCOMMON 0074
??_lcd_init            cstackCOMMON 0076
??_main                cstackCOMMON 007A
??_readchannel         cstackCOMMON 0072
??_searchTrack         cstackCOMMON 0074
?_ADCInit              cstackCOMMON 0070
?_SendIns              cstackCOMMON 0070
?____delay_ms          cstackCOMMON 0070
?__delay_ms            cstackCOMMON 0070
?_controlMotor         cstackCOMMON 0070
?_lcd_init             cstackCOMMON 0070
?_main                 cstackCOMMON 0070
?_readchannel          cstackCOMMON 0070
?_searchTrack          cstackCOMMON 0070
SendIns@c              cstackCOMMON 0075
_ADCInit               text273      0585
_ADCON0                (abs)        001F
_ADON                  (abs)        00F8
_ADRESH                (abs)        001E
_ANSEL                 (abs)        0091
_CARRY                 (abs)        0018
_EEADR                 (abs)        010D
_EECON1                (abs)        018C
_EECON2                (abs)        018D
_EEDATA                (abs)        010C
_GIE                   (abs)        005F
_GO_DONE               (abs)        00F9
_PORTA                 (abs)        0005
_PORTB                 (abs)        0006
_PORTC                 (abs)        0007
_RA0                   (abs)        0028
_RA1                   (abs)        0029
_RA2                   (abs)        002A
_RC3                   (abs)        003B
_RC4                   (abs)        003C
_RC6                   (abs)        003E
_RC7                   (abs)        003F
_RD                    (abs)        0C60
_SendIns               text269      05EF
_TRISA                 (abs)        0085
_TRISB                 (abs)        0086
_TRISC                 (abs)        0087
_TRISE                 (abs)        0089
_WR                    (abs)        0C61
_WREN                  (abs)        0C62
__Habs1                abs1         0000
__Hbank0               bank0        0000
__Hbank1               bank1        0000
__Hbank2               bank2        0000
__Hbank3               bank3        0000
__HbssBANK0            bssBANK0     0000
__HbssCOMMON           bssCOMMON    0000
__Hcinit               cinit        0000
__Hclrtext             clrtext      0000
__Hcode                code         0000
__Hcommon              common       0000
__Hconfig              config       2008
__HcstackBANK0         cstackBANK0  0000
__HcstackCOMMON        cstackCOMMON 0000
__Heeprom_data         eeprom_data  0000
__Hend_init            end_init     0003
__Hfunctab             functab      0000
__Hidloc               idloc        0000
__Hinit                init         0000
__Hintentry            intentry     0000
__Hmaintext            maintext     0000
__Hpowerup             powerup      0000
__Hram                 ram          0000
__Hreset_vec           reset_vec    0000
__Hsfr0                sfr0         0000
__Hsfr1                sfr1         0000
__Hsfr2                sfr2         0000
__Hsfr3                sfr3         0000
__Hstrings             strings      0000
__Htext                text         0000
__Labs1                abs1         0000
__Lbank0               bank0        0000
__Lbank1               bank1        0000
__Lbank2               bank2        0000
__Lbank3               bank3        0000
__LbssBANK0            bssBANK0     0000
__LbssCOMMON           bssCOMMON    0000
__Lcinit               cinit        0000
__Lclrtext             clrtext      0000
__Lcode                code         0000
__Lcommon              common       0000
__Lconfig              config       2007
__LcstackBANK0         cstackBANK0  0000
__LcstackCOMMON        cstackCOMMON 0000
__Leeprom_data         eeprom_data  0000
__Lend_init            end_init     0000
__Lfunctab             functab      0000
__Lidloc               idloc        0000
__Linit                init         0000
__Lintentry            intentry     0000
__Lmaintext            maintext     0000
__Lpowerup             powerup      0000
__Lram                 ram          0000
__Lreset_vec           reset_vec    0000
__Lsfr0                sfr0         0000
__Lsfr1                sfr1         0000
__Lsfr2                sfr2         0000
__Lsfr3                sfr3         0000
__Lstrings             strings      0000
__Ltext                text         0000
__S0                   (abs)        2008
__S1                   (abs)        007E
__S2                   (abs)        0000
____delay_ms           text271      05C9
____delay_ms@i         cstackCOMMON 0073
____delay_ms@ms        cstackCOMMON 0070
____delay_ms@us        cstackCOMMON 0074
__delay_ms             text275      05A3
__delay_ms@i           cstackCOMMON 0073
__delay_ms@ms          cstackCOMMON 0070
__delay_ms@us          cstackCOMMON 0074
__end_of_ADCInit       text273      058C
__end_of_SendIns       text269      0618
__end_of____delay_ms   text271      05EF
__end_of__delay_ms     text275      05C9
__end_of_controlMotor  text274      0648
__end_of_lcd_init      text268      072D
__end_of_main          maintext     0800
__end_of_readchannel   text272      0680
__end_of_searchTrack   text270      06C7
__pbssBANK0            bssBANK0     0020
__pbssCOMMON           bssCOMMON    007C
__pcstackBANK0         cstackBANK0  0032
__pcstackCOMMON        cstackCOMMON 0070
__pmaintext            maintext     072D
__ptext267             text267      0000
__ptext268             text268      06C7
__ptext269             text269      05EF
__ptext270             text270      0680
__ptext271             text271      05C9
__ptext272             text272      0648
__ptext273             text273      0585
__ptext274             text274      0618
__ptext275             text275      05A3
__ptext276             text276      0000
__size_of_ADCInit      (abs)        0000
__size_of_SendIns      (abs)        0000
__size_of____delay_ms  (abs)        0000
__size_of__delay_ms    (abs)        0000
__size_of_controlMotor (abs)        0000
__size_of_lcd_init     (abs)        0000
__size_of_main         (abs)        0000
__size_of_readchannel  (abs)        0000
__size_of_searchTrack  (abs)        0000
_clock_t               bssBANK0     002C
_controlMotor          text274      0618
_count                 bssBANK0     0020
_exit                  init         0000
_ignore                bssBANK0     002E
_lastMotor             bssCOMMON    007C
_lcd_init              text268      06C7
_main                  maintext     072D
_readchannel           text272      0648
_searchTrack           text270      0680
_start                 bssBANK0     0024
_stop                  bssBANK0     0028
_ticks                 bssBANK0     0030
btemp                  (abs)        007E
clear_ram              clrtext      058C
controlMotor@Leftpt    cstackCOMMON 0070
controlMotor@Rightpt   cstackCOMMON 0072
end_of_initialization  cinit        059F
intlevel0              functab      0000
intlevel1              functab      0000
intlevel2              functab      0000
intlevel3              functab      0000
intlevel4              functab      0000
intlevel5              functab      0000
lcd_init@us            cstackCOMMON 0077
lcd_init@us_4766       cstackCOMMON 0078
lcd_init@us_4767       cstackCOMMON 0079
main@leftpt            cstackBANK0  0032
main@read              cstackBANK0  0036
main@rightpt           cstackBANK0  0034
readchannel@chan       cstackCOMMON 0070
reset_vec              reset_vec    0000
start                  init         0000
start_initialization   cinit        0594
wtemp0                 (abs)        007E
